com\hufs\haigram\backend\api\ApiModels$ViewerResponse.class
com\hufs\haigram\backend\repository\PostRepository.class
com\hufs\haigram\backend\api\AppController.class
com\hufs\haigram\backend\domain\SessionEntity.class
com\hufs\haigram\backend\domain\ConversationParticipantEntity.class
com\hufs\haigram\backend\repository\FollowRelationRepository.class
com\hufs\haigram\backend\domain\BookmarkEntity.class
com\hufs\haigram\backend\domain\ActivityEntity.class
com\hufs\haigram\backend\domain\FollowRelationEntity.class
com\hufs\haigram\backend\repository\ConversationRepository.class
com\hufs\haigram\backend\api\ApiModels$PostResponse.class
com\hufs\haigram\backend\domain\PostMediaEntity.class
com\hufs\haigram\backend\repository\PostCommentRepository.class
com\hufs\haigram\backend\api\ApiModels$UserCardResponse.class
com\hufs\haigram\backend\repository\BookmarkRepository.class
com\hufs\haigram\backend\api\ApiModels$StartConversationRequest.class
com\hufs\haigram\backend\repository\SessionRepository.class
com\hufs\haigram\backend\api\ApiModels$AuthResponse.class
com\hufs\haigram\backend\api\ApiModels$MessageRequest.class
com\hufs\haigram\backend\api\ApiModels$AppSnapshotResponse.class
com\hufs\haigram\backend\api\ApiModels$CreatePostRequest.class
com\hufs\haigram\backend\repository\UserRepository.class
com\hufs\haigram\backend\repository\PostLikeRepository.class
com\hufs\haigram\backend\domain\PostCommentEntity.class
com\hufs\haigram\backend\api\ApiModels$SignupRequest.class
com\hufs\haigram\backend\api\ApiModels$CommentRequest.class
com\hufs\haigram\backend\repository\MessageRepository.class
com\hufs\haigram\backend\api\ApiModels$ErrorResponse.class
com\hufs\haigram\backend\api\ApiModels$MediaResponse.class
com\hufs\haigram\backend\api\ApiModels$CommentResponse.class
com\hufs\haigram\backend\domain\UserEntity.class
com\hufs\haigram\backend\api\GlobalExceptionHandler.class
com\hufs\haigram\backend\api\ApiModels$LoginRequest.class
com\hufs\haigram\backend\config\SeedDataInitializer.class
com\hufs\haigram\backend\domain\PostEntity.class
com\hufs\haigram\backend\repository\ConversationParticipantRepository.class
com\hufs\haigram\backend\config\CorsConfig.class
com\hufs\haigram\backend\service\DemoSocialService.class
com\hufs\haigram\backend\api\ApiModels$UploadMediaRequest.class
com\hufs\haigram\backend\api\AuthController.class
com\hufs\haigram\backend\domain\PostLikeEntity.class
com\hufs\haigram\backend\domain\MessageEntity.class
com\hufs\haigram\backend\domain\ConversationEntity.class
com\hufs\haigram\backend\api\ApiSecuritySupport.class
com\hufs\haigram\backend\api\ApiModels$ConversationResponse.class
com\hufs\haigram\backend\api\ApiModels$ActivityResponse.class
com\hufs\haigram\backend\api\ApiModels.class
com\hufs\haigram\backend\repository\PostMediaRepository.class
com\hufs\haigram\backend\api\ApiModels$MessageResponse.class
com\hufs\haigram\backend\BackendApplication.class
com\hufs\haigram\backend\repository\ActivityRepository.class
