C:\Users\UserK\Desktop\clone\backend\src\main\java\com\hufs\haigram\backend\api\ApiModels.java
C:\Users\UserK\Desktop\clone\backend\src\main\java\com\hufs\haigram\backend\api\ApiSecuritySupport.java
C:\Users\UserK\Desktop\clone\backend\src\main\java\com\hufs\haigram\backend\api\AppController.java
C:\Users\UserK\Desktop\clone\backend\src\main\java\com\hufs\haigram\backend\api\AuthController.java
C:\Users\UserK\Desktop\clone\backend\src\main\java\com\hufs\haigram\backend\api\GlobalExceptionHandler.java
C:\Users\UserK\Desktop\clone\backend\src\main\java\com\hufs\haigram\backend\BackendApplication.java
C:\Users\UserK\Desktop\clone\backend\src\main\java\com\hufs\haigram\backend\config\CorsConfig.java
C:\Users\UserK\Desktop\clone\backend\src\main\java\com\hufs\haigram\backend\config\SeedDataInitializer.java
C:\Users\UserK\Desktop\clone\backend\src\main\java\com\hufs\haigram\backend\domain\ActivityEntity.java
C:\Users\UserK\Desktop\clone\backend\src\main\java\com\hufs\haigram\backend\domain\BookmarkEntity.java
C:\Users\UserK\Desktop\clone\backend\src\main\java\com\hufs\haigram\backend\domain\ConversationEntity.java
C:\Users\UserK\Desktop\clone\backend\src\main\java\com\hufs\haigram\backend\domain\ConversationParticipantEntity.java
C:\Users\UserK\Desktop\clone\backend\src\main\java\com\hufs\haigram\backend\domain\FollowRelationEntity.java
C:\Users\UserK\Desktop\clone\backend\src\main\java\com\hufs\haigram\backend\domain\MessageEntity.java
C:\Users\UserK\Desktop\clone\backend\src\main\java\com\hufs\haigram\backend\domain\PostCommentEntity.java
C:\Users\UserK\Desktop\clone\backend\src\main\java\com\hufs\haigram\backend\domain\PostEntity.java
C:\Users\UserK\Desktop\clone\backend\src\main\java\com\hufs\haigram\backend\domain\PostLikeEntity.java
C:\Users\UserK\Desktop\clone\backend\src\main\java\com\hufs\haigram\backend\domain\PostMediaEntity.java
C:\Users\UserK\Desktop\clone\backend\src\main\java\com\hufs\haigram\backend\domain\SessionEntity.java
C:\Users\UserK\Desktop\clone\backend\src\main\java\com\hufs\haigram\backend\domain\UserEntity.java
C:\Users\UserK\Desktop\clone\backend\src\main\java\com\hufs\haigram\backend\repository\ActivityRepository.java
C:\Users\UserK\Desktop\clone\backend\src\main\java\com\hufs\haigram\backend\repository\BookmarkRepository.java
C:\Users\UserK\Desktop\clone\backend\src\main\java\com\hufs\haigram\backend\repository\ConversationParticipantRepository.java
C:\Users\UserK\Desktop\clone\backend\src\main\java\com\hufs\haigram\backend\repository\ConversationRepository.java
C:\Users\UserK\Desktop\clone\backend\src\main\java\com\hufs\haigram\backend\repository\FollowRelationRepository.java
C:\Users\UserK\Desktop\clone\backend\src\main\java\com\hufs\haigram\backend\repository\MessageRepository.java
C:\Users\UserK\Desktop\clone\backend\src\main\java\com\hufs\haigram\backend\repository\PostCommentRepository.java
C:\Users\UserK\Desktop\clone\backend\src\main\java\com\hufs\haigram\backend\repository\PostLikeRepository.java
C:\Users\UserK\Desktop\clone\backend\src\main\java\com\hufs\haigram\backend\repository\PostMediaRepository.java
C:\Users\UserK\Desktop\clone\backend\src\main\java\com\hufs\haigram\backend\repository\PostRepository.java
C:\Users\UserK\Desktop\clone\backend\src\main\java\com\hufs\haigram\backend\repository\SessionRepository.java
C:\Users\UserK\Desktop\clone\backend\src\main\java\com\hufs\haigram\backend\repository\UserRepository.java
C:\Users\UserK\Desktop\clone\backend\src\main\java\com\hufs\haigram\backend\service\DemoSocialService.java
